HDF4_class.f90
HE4_class.f90
HE5_class.f90
L1B_class.f90
L1B_geoang_class.f90
L1B_getNames_m.f90
L1B_metaData_class.f90
L1B_radirr_class.f90
l1b_tio_class.f90
l2_tio_class.f90
L2_attr_class.f90
L2_data_structure.f90
L2_metaData_class.f90
m_anomflg.f90
m_nvalc.f90
m_write_odl_metadata.f90
o3t_names_module.f90
O3T_apriori_class.f90
O3T_class.f90
O3T_cloudPres_class.f90
O3T_const.f90
O3T_dndx_class.f90
O3T_dndx_m.f90
O3T_irrad_class.f90
O3T_iztrsb_m.f90
O3T_L2output_class.f90
O3T_lpolycoef_class.f90
O3T_lpolyinterp_class.f90
O3T_LUT_fs.f90
O3T_nval_class.f90
O3T_omto3_fs.f90
O3T_pixel_class.f90
O3T_QA_class.f90
O3T_radgeo_class.f90
O3T_so2_class.f90
O3T_stnprof_class.f90
OMI_copyHE4toHE5.f90
OMI_L2reader_class.f90
OMI_L2writer_class.f90
OMI_LUN_set.f90
OMI_SMF_class.f90
PGS_MET_class.f90
PGS_PC_class.f90
PGS_TD_class.f90
pgs_io_class.f90
UTIL_lh5_class.f90
UTIL_tools_class.f90
