metadata/TEMPO.yaml
metadata/TEMPO_IRR_L1.yaml
metadata/TEMPO_RAD_L1.yaml
# metadata/TEMPO_CLDRR_L2.yaml
metadata/TEMPO_CLDO4_L2.yaml
metadata/TEMPO_BRO_L2.yaml
metadata/TEMPO_CHOCHO_L2.yaml
metadata/TEMPO_HCHO_L2.yaml
metadata/TEMPO_H2O_L2.yaml
metadata/TEMPO_NO2_L2.yaml
metadata/TEMPO_O3PROF_L2.yaml
metadata/TEMPO_O3TOT_L2.yaml
# metadata/TEMPO_CLDRR_L3.yaml
metadata/TEMPO_CLDO4_L3.yaml
metadata/TEMPO_BRO_L3.yaml
metadata/TEMPO_CHOCHO_L3.yaml
metadata/TEMPO_HCHO_L3.yaml
metadata/TEMPO_H2O_L3.yaml
metadata/TEMPO_NO2_L3.yaml
metadata/TEMPO_O3PROF_L3.yaml
metadata/TEMPO_O3TOT_L3.yaml
