GetConfigDoubleArr.c
GetConfigDouble.c
GetConfigInteger.c
GetConfigRealArr.c
GetConfigReal.c
GetConfigString.c
LoadControlFile.c
Messages.c
MetaConfig.c
OMI_localGranuleID.c
OMI_MET_bindFORTRAN.c
OMI_PC_bindFORTRAN.c
OMI_PC_GetReference.c
OMI_SMF_setmsg.c
ResetConfig.c
SetTrueIfLittleEndian.c
ShareArgsWithFortran.c
str2lwr.c
str2upr.c
strechr.c
strxchr.c
unbufferSTDOUT.c
ymlAddKey.c
ymlAddVal.c
ymlCfort.c
ymlChkTxt.c
ymlClrUsdFlg.c
ymlDmpStk.c
ymlDmpTbl.c
ymlErrors.c
ymlEstNrE.c
ymlGetArrStr.c
ymlGetKeys.c
ymlGetOneStr.c
ymlIniTbl.c
ymlMaxDtl.c
ymlNrmKey.c
ymlOpen.c
ymlParTxt.c
ymlRdFile.c
ymlStkPsh.c
