sc_timezone
sdpc_env.sh
level1a_cachemon.cfg
level2_cachemon.cfg
register_cachemon.cfg
inr/TempoLogging.conf.in
inr/TempoPipelineInterfaceSAO.conf.in
trace_gas/synth.control.NO2.in
trace_gas/synth.pcf.NO2.in
trace_gas/synth.control.HCHO.in
trace_gas/synth.pcf.HCHO.in
trace_gas/default.control.HCHO.in
trace_gas/default.pcf.in
trace_gas/trace_gas.rc
trace_gas/SIMPLE_HCHO.MCF
trace_gas/SIMPLE_NO2.MCF
trace_gas/metadata_HCHO.nml
trace_gas/metadata_NO2.nml
cloud/default.pcf.in
cloud/cloud.rc
cloud/SIMPLE.MCF
cloud/metadata.nml
o3_total/default.pcf.in
o3_total/o3_total.rc
o3_total/SIMPLE.MCF
o3_total/metadata.nml
o3_profile/default_main_control.inp
o3_profile/default_profoz.inp
o3_profile/default.pcf.in
o3_profile/o3_profile.rc
level1/radiance.met.template
level1/irradiance.met.template
level3/simple.met.template
l0_format.cfg
tempo_tpinfo_r9.csv
l0_ccd.cfg
wavecal.cfg
l1_inr_prep.cfg
l1_inr_post.cfg
l3.cfg
l3_o3p.cfg
filedb.cfg
