L1B_Reader_class.f90
MetadatOBJModule.f90
Szoom_Parameter_Module.f90
cld_names_module.f90
hdfeos4_parameters.f90
m_LUN_set.f90
m_pgs_include.f90
m_alloc1.f90
m_alloc2.f90
m_avg.f90
m_bilinear.f90
m_cloud_mask.f90
m_cloud_mask_proc.f90
m_cloud_pres_mod.f90
m_cloud_pres_ret.f90
m_find.f90
m_findgen.f90
m_get_ai_refl.f90
m_get_f.f90
m_indgen.f90
m_initialize.f90
m_instr_config.f90
m_interp_pres.f90
m_interp_ring_rad.f90
m_interpol.f90
m_invert.f90
m_lambda_qual.f90
m_matmul.f90
m_poly_fit.f90
m_print_ret.f90
m_rd_chl.f90
m_rd_terr.f90
m_rd_toms_refl.f90
m_read_ocean_table.f90
m_read_ocean_table_tio.f90
m_read_resid.f90
m_read_tables.f90
m_read_thresholds.f90
m_sigma.f90
m_spline.f90
m_str_replace.f90
m_strpos.f90
m_swathnames.f90
m_trilin.f90
m_triquad.f90
m_vars.f90
m_write_output_data.f90
m_write_output_data_2pres.f90
m_write_output_data_tio.f90
m_write_swath_field.f90
mathcons.f90
m_HDFEOS_attr.f90
m_read_input_data.f90
m_read_input_data_tio.f90
m_read_solar_data_tio.f90
m_read_solar_flux.f90
m_write_HDFEOS_attr.f90
m_earth_sun_dist.f90
MetadataModule.f90
