OMI_SMF_class.f90
OMSAO_errstat_module.f90
OMSAO_precision_module.f90
OMSAO_indices_module.f90
OMSAO_parameters_module.f90
OMSAO_variables_module.f90
OMSAO_omicloud_module.f90
OMSAO_he5_module.f90
OMSAO_pixelcorner_module.f90
OMSAO_slitfunction_module.f90
OMSAO_omidata_module.f90
OMSAO_gome_data_module.f90
OMSAO_tmpodata_module.f90
ozprof_data_module.f90
m_read_fitting_controls.f90
m_read_ozprof_input.f90
m_read_reference_spectra.f90
m_allocate.f90
omi_read_l1b_data.f90
tmpo_read_l1b_data.f90
bounded_nonlin_ls.f90
m_ezspline_interpolation.f90
m_utilities.f90
m_convert_coadd.f90
m_angle_sat2toa.f90
m_super_gauss.f90
m_gauss.f90
m_triangle.f90
m_voigt.f90
m_convol.f90
m_avg_band.f90
m_radiance_fit.f90
m_radiance_wavcal.f90
m_rad_shisqu.f90
m_solar_fit.f90
m_solar_wavcal_vary.f90
m_subtract_poly.f90
m_subtract_cubic.f90
m_spectra.f90
m_fitting_util.f90
m_cal_fit_one.f90
prepare_databases.f90
m_cross_calibrate.f90
omi_adj_data.f90
tmpo_adj_data.f90
omi_pge_process.f90
tmpo_pge_process.f90
gsvd_data_module.f90
gsvd_o3prof_utilities.f90
m_gsvd_lcurve_gcv.f90
hdfeos4_parameters.f90
he5_input_tools.f90
L1B_Reader_class.f90
L2_attr_class.f90
m_get_cloud.f90
m_get_ncep.f90
m_get_fnl.f90
m_get_omigeos5.f90
m_get_bclayer.f90
m_get_toz.f90
m_get_o3prof.f90
m_get_tracegas.f90
m_get_xcrs.f90
m_get_initial_albedo.f90
m_get_reg_matrix.f90
m_prepare_atmosphere.f90
m_read_aerosol_prof.f90
m_raman.f90
m_get_raman.f90
m_make_atm.f90
m_set_cldalb.f90
m_spectra_reflectance.f90
m_lidort_util.f90
m_lidort_master.f90
m_pseudo_model.f90
m_oe_inversion.f90
m_ozprof_inverse.f90
m_specfit_ozprof.f90
ascii_output_module.f90
tio_output_module.f90
he5_output_module.f90
O3P_output_module.f90
he5_l2writer_class.f90
he5_l2_fs.f90
OMI_LUN_set.f90
OMI_MET_class.f90
OZPROF_metaDef.f90
PGS_MET_class.f90
PGS_PC_class.f90
PGS_TD_class.f90
Szoom_Parameter_Module.f90
UTIL_tools_class.f90
o3p_names_module.f90
m_read_cloud_tio.f90
m_read_l1_tio.f90
m_read_geo_tio.f90
m_read_metadata_tio.f90
m_read_L2_o3p_tio.f90
m_o3p_params.f90
m_pgs_include.f90
m_vlidort90_include.f90
